// Jest Snapshot v1, https://goo.gl/fbAQLP

exports[`Get filtered rows of dataset with all types of operators 1`] = `
[
  [
    "01-701-1047",
    "Placebo",
    85,
    "WHITE",
    "F",
    "ADVERSE EVENT",
  ],
  [
    "01-701-1115",
    "Xanomeline Low Dose",
    84,
    "WHITE",
    "M",
    "ADVERSE EVENT",
  ],
  [
    "01-701-1118",
    "Placebo",
    52,
    "WHITE",
    "M",
    "COMPLETED",
  ],
  [
    "01-701-1130",
    "Placebo",
    84,
    "WHITE",
    "M",
    "COMPLETED",
  ],
  [
    "01-701-1148",
    "Xanomeline High Dose",
    57,
    "WHITE",
    "M",
    "COMPLETED",
  ],
  [
    "01-701-1180",
    "Xanomeline High Dose",
    56,
    "WHITE",
    "M",
    "ADVERSE EVENT",
  ],
  [
    "01-701-1239",
    "Xanomeline High Dose",
    56,
    "WHITE",
    "M",
    "COMPLETED",
  ],
  [
    "01-701-1287",
    "Xanomeline High Dose",
    56,
    "WHITE",
    "F",
    "COMPLETED",
  ],
  [
    "01-701-1341",
    "Xanomeline Low Dose",
    51,
    "WHITE",
    "M",
    "ADVERSE EVENT",
  ],
  [
    "01-701-1387",
    "Placebo",
    87,
    "WHITE",
    "F",
    "PROTOCOL VIOLATION",
  ],
  [
    "01-701-1415",
    "Placebo",
    85,
    "WHITE",
    "M",
    "COMPLETED",
  ],
  [
    "01-701-1429",
    "Xanomeline Low Dose",
    84,
    "WHITE",
    "F",
    "WITHDRAWAL BY SUBJECT",
  ],
  [
    "01-701-1442",
    "Xanomeline Low Dose",
    57,
    "BLACK OR AFRICAN AMERICAN",
    "F",
    "COMPLETED",
  ],
  [
    "01-702-1082",
    "Xanomeline Low Dose",
    84,
    "WHITE",
    "F",
    "WITHDRAWAL BY SUBJECT",
  ],
  [
    "01-703-1100",
    "Placebo",
    84,
    "WHITE",
    "F",
    "COMPLETED",
  ],
  [
    "01-703-1182",
    "Xanomeline Low Dose",
    84,
    "WHITE",
    "M",
    "ADVERSE EVENT",
  ],
  [
    "01-703-1295",
    "Xanomeline High Dose",
    88,
    "WHITE",
    "F",
    "WITHDRAWAL BY SUBJECT",
  ],
  [
    "01-704-1009",
    "Xanomeline Low Dose",
    83,
    "WHITE",
    "M",
    "WITHDRAWAL BY SUBJECT",
  ],
  [
    "01-704-1127",
    "Placebo",
    84,
    "WHITE",
    "F",
    "COMPLETED",
  ],
  [
    "01-704-1233",
    "Placebo",
    87,
    "WHITE",
    "F",
    "WITHDRAWAL BY SUBJECT",
  ],
  [
    "01-704-1241",
    "Xanomeline High Dose",
    86,
    "WHITE",
    "M",
    "ADVERSE EVENT",
  ],
  [
    "01-704-1266",
    "Xanomeline High Dose",
    82,
    "WHITE",
    "M",
    "ADVERSE EVENT",
  ],
  [
    "01-705-1031",
    "Xanomeline Low Dose",
    56,
    "WHITE",
    "F",
    "LOST TO FOLLOW-UP",
  ],
  [
    "01-705-1186",
    "Placebo",
    84,
    "WHITE",
    "F",
    "PHYSICIAN DECISION",
  ],
  [
    "01-705-1199",
    "Xanomeline Low Dose",
    87,
    "WHITE",
    "M",
    "ADVERSE EVENT",
  ],
  [
    "01-705-1280",
    "Xanomeline High Dose",
    56,
    "WHITE",
    "F",
    "COMPLETED",
  ],
  [
    "01-705-1292",
    "Xanomeline Low Dose",
    60,
    "BLACK OR AFRICAN AMERICAN",
    "F",
    "COMPLETED",
  ],
  [
    "01-705-1349",
    "Placebo",
    86,
    "WHITE",
    "F",
    "COMPLETED",
  ],
  [
    "01-705-1382",
    "Xanomeline High Dose",
    82,
    "WHITE",
    "M",
    "PROTOCOL VIOLATION",
  ],
  [
    "01-705-1393",
    "Xanomeline Low Dose",
    84,
    "WHITE",
    "F",
    "ADVERSE EVENT",
  ],
  [
    "01-706-1049",
    "Xanomeline High Dose",
    60,
    "WHITE",
    "F",
    "ADVERSE EVENT",
  ],
  [
    "01-708-1236",
    "Xanomeline High Dose",
    86,
    "WHITE",
    "F",
    "WITHDRAWAL BY SUBJECT",
  ],
  [
    "01-708-1272",
    "Xanomeline Low Dose",
    82,
    "WHITE",
    "M",
    "WITHDRAWAL BY SUBJECT",
  ],
  [
    "01-708-1296",
    "Placebo",
    57,
    "BLACK OR AFRICAN AMERICAN",
    "M",
    "COMPLETED",
  ],
  [
    "01-708-1342",
    "Placebo",
    59,
    "WHITE",
    "F",
    "COMPLETED",
  ],
  [
    "01-708-1353",
    "Xanomeline Low Dose",
    87,
    "BLACK OR AFRICAN AMERICAN",
    "F",
    "ADVERSE EVENT",
  ],
  [
    "01-708-1372",
    "Xanomeline High Dose",
    84,
    "WHITE",
    "M",
    "PROTOCOL VIOLATION",
  ],
  [
    "01-708-1428",
    "Xanomeline Low Dose",
    84,
    "WHITE",
    "F",
    "ADVERSE EVENT",
  ],
  [
    "01-709-1007",
    "Xanomeline Low Dose",
    54,
    "WHITE",
    "F",
    "ADVERSE EVENT",
  ],
  [
    "01-709-1029",
    "Xanomeline High Dose",
    82,
    "WHITE",
    "M",
    "COMPLETED",
  ],
  [
    "01-709-1081",
    "Xanomeline Low Dose",
    86,
    "WHITE",
    "F",
    "ADVERSE EVENT",
  ],
  [
    "01-709-1259",
    "Placebo",
    82,
    "WHITE",
    "M",
    "LACK OF EFFICACY",
  ],
  [
    "01-709-1285",
    "Xanomeline Low Dose",
    87,
    "WHITE",
    "M",
    "STUDY TERMINATED BY SPONSOR",
  ],
  [
    "01-709-1306",
    "Placebo",
    60,
    "WHITE",
    "F",
    "ADVERSE EVENT",
  ],
  [
    "01-710-1002",
    "Xanomeline Low Dose",
    88,
    "WHITE",
    "M",
    "ADVERSE EVENT",
  ],
  [
    "01-710-1027",
    "Placebo",
    83,
    "WHITE",
    "M",
    "COMPLETED",
  ],
  [
    "01-710-1045",
    "Xanomeline Low Dose",
    83,
    "WHITE",
    "F",
    "ADVERSE EVENT",
  ],
  [
    "01-710-1053",
    "Xanomeline Low Dose",
    84,
    "WHITE",
    "F",
    "ADVERSE EVENT",
  ],
  [
    "01-710-1060",
    "Placebo",
    82,
    "WHITE",
    "M",
    "COMPLETED",
  ],
  [
    "01-710-1070",
    "Xanomeline High Dose",
    85,
    "WHITE",
    "F",
    "ADVERSE EVENT",
  ],
  [
    "01-710-1083",
    "Placebo",
    89,
    "WHITE",
    "F",
    "DEATH",
  ],
  [
    "01-710-1154",
    "Xanomeline Low Dose",
    84,
    "WHITE",
    "M",
    "ADVERSE EVENT",
  ],
  [
    "01-710-1235",
    "Xanomeline Low Dose",
    56,
    "WHITE",
    "F",
    "COMPLETED",
  ],
  [
    "01-710-1270",
    "Xanomeline Low Dose",
    83,
    "WHITE",
    "F",
    "ADVERSE EVENT",
  ],
  [
    "01-710-1271",
    "Placebo",
    86,
    "WHITE",
    "F",
    "ADVERSE EVENT",
  ],
  [
    "01-710-1315",
    "Placebo",
    83,
    "WHITE",
    "F",
    "ADVERSE EVENT",
  ],
  [
    "01-710-1358",
    "Xanomeline Low Dose",
    82,
    "WHITE",
    "M",
    "WITHDRAWAL BY SUBJECT",
  ],
  [
    "01-710-1368",
    "Placebo",
    88,
    "WHITE",
    "F",
    "COMPLETED",
  ],
  [
    "01-711-1433",
    "Xanomeline High Dose",
    84,
    "WHITE",
    "F",
    "ADVERSE EVENT",
  ],
  [
    "01-714-1035",
    "Placebo",
    88,
    "WHITE",
    "F",
    "COMPLETED",
  ],
  [
    "01-715-1155",
    "Placebo",
    59,
    "WHITE",
    "F",
    "WITHDRAWAL BY SUBJECT",
  ],
  [
    "01-716-1024",
    "Placebo",
    87,
    "WHITE",
    "F",
    "COMPLETED",
  ],
  [
    "01-716-1030",
    "Xanomeline High Dose",
    83,
    "WHITE",
    "F",
    "WITHDRAWAL BY SUBJECT",
  ],
  [
    "01-716-1094",
    "Xanomeline Low Dose",
    82,
    "WHITE",
    "M",
    "ADVERSE EVENT",
  ],
  [
    "01-716-1108",
    "Placebo",
    86,
    "WHITE",
    "F",
    "COMPLETED",
  ],
  [
    "01-716-1151",
    "Xanomeline Low Dose",
    83,
    "WHITE",
    "F",
    "ADVERSE EVENT",
  ],
  [
    "01-716-1157",
    "Xanomeline Low Dose",
    85,
    "WHITE",
    "M",
    "COMPLETED",
  ],
  [
    "01-716-1160",
    "Placebo",
    83,
    "WHITE",
    "F",
    "COMPLETED",
  ],
  [
    "01-716-1364",
    "Xanomeline High Dose",
    84,
    "WHITE",
    "F",
    "COMPLETED",
  ],
  [
    "01-716-1441",
    "Placebo",
    85,
    "WHITE",
    "M",
    "COMPLETED",
  ],
  [
    "01-717-1109",
    "Xanomeline High Dose",
    84,
    "WHITE",
    "M",
    "COMPLETED",
  ],
  [
    "01-717-1201",
    "Placebo",
    85,
    "WHITE",
    "F",
    "LACK OF EFFICACY",
  ],
  [
    "01-718-1101",
    "Xanomeline High Dose",
    82,
    "BLACK OR AFRICAN AMERICAN",
    "M",
    "STUDY TERMINATED BY SPONSOR",
  ],
  [
    "01-718-1250",
    "Xanomeline Low Dose",
    82,
    "WHITE",
    "F",
    "ADVERSE EVENT",
  ],
  [
    "01-718-1328",
    "Xanomeline High Dose",
    86,
    "WHITE",
    "M",
    "WITHDRAWAL BY SUBJECT",
  ],
]
`;

exports[`Get filtered rows of dataset with simple "and" filter 1`] = `
[
  [
    "01-701-1115",
    84,
    "M",
  ],
  [
    "01-701-1130",
    84,
    "M",
  ],
  [
    "01-701-1415",
    85,
    "M",
  ],
  [
    "01-703-1182",
    84,
    "M",
  ],
  [
    "01-704-1009",
    83,
    "M",
  ],
]
`;
